[debug] [2026-02-21T22:49:12.058Z] ----------------------------------------------------------------------
[debug] [2026-02-21T22:49:12.062Z] Command:       /usr/local/bin/node /Users/ntezi/Dev/TYPESCRIPT/budgeter/node_modules/.bin/firebase deploy --project budgeter-a43a1 --non-interactive
[debug] [2026-02-21T22:49:12.062Z] CLI Version:   14.17.0
[debug] [2026-02-21T22:49:12.062Z] Platform:      darwin
[debug] [2026-02-21T22:49:12.062Z] Node Version:  v24.12.0
[debug] [2026-02-21T22:49:12.063Z] Time:          Sat Feb 21 2026 22:49:12 GMT+0000 (Greenwich Mean Time)
[debug] [2026-02-21T22:49:12.063Z] ----------------------------------------------------------------------
[debug] 
[debug] [2026-02-21T22:49:12.324Z] > command requires scopes: ["email","openid","https://www.googleapis.com/auth/cloudplatformprojects.readonly","https://www.googleapis.com/auth/firebase","https://www.googleapis.com/auth/cloud-platform"]
[debug] [2026-02-21T22:49:12.324Z] > authorizing via signed-in user (ngabomarius@gmail.com)
[debug] [2026-02-21T22:49:12.324Z] [iam] checking project budgeter-a43a1 for permissions ["datastore.indexes.create","datastore.indexes.delete","datastore.indexes.list","datastore.indexes.update","firebase.projects.get","firebasehosting.sites.update"]
[debug] [2026-02-21T22:49:12.326Z] Checked if tokens are valid: true, expires at: 1771715183411
[debug] [2026-02-21T22:49:12.326Z] Checked if tokens are valid: true, expires at: 1771715183411
[debug] [2026-02-21T22:49:12.327Z] >>> [apiv2][query] POST https://cloudresourcemanager.googleapis.com/v1/projects/budgeter-a43a1:testIamPermissions [none]
[debug] [2026-02-21T22:49:12.327Z] >>> [apiv2][(partial)header] POST https://cloudresourcemanager.googleapis.com/v1/projects/budgeter-a43a1:testIamPermissions x-goog-quota-user=projects/budgeter-a43a1
[debug] [2026-02-21T22:49:12.327Z] >>> [apiv2][body] POST https://cloudresourcemanager.googleapis.com/v1/projects/budgeter-a43a1:testIamPermissions {"permissions":["datastore.indexes.create","datastore.indexes.delete","datastore.indexes.list","datastore.indexes.update","firebase.projects.get","firebasehosting.sites.update"]}
[debug] [2026-02-21T22:49:14.115Z] <<< [apiv2][status] POST https://cloudresourcemanager.googleapis.com/v1/projects/budgeter-a43a1:testIamPermissions 200
[debug] [2026-02-21T22:49:14.115Z] <<< [apiv2][body] POST https://cloudresourcemanager.googleapis.com/v1/projects/budgeter-a43a1:testIamPermissions {"permissions":["datastore.indexes.create","datastore.indexes.delete","datastore.indexes.list","datastore.indexes.update","firebase.projects.get","firebasehosting.sites.update"]}
[debug] [2026-02-21T22:49:14.115Z] Checked if tokens are valid: true, expires at: 1771715183411
[debug] [2026-02-21T22:49:14.115Z] Checked if tokens are valid: true, expires at: 1771715183411
[debug] [2026-02-21T22:49:14.116Z] >>> [apiv2][query] GET https://firebase.googleapis.com/v1beta1/projects/budgeter-a43a1 [none]
[debug] [2026-02-21T22:49:14.941Z] <<< [apiv2][status] GET https://firebase.googleapis.com/v1beta1/projects/budgeter-a43a1 200
[debug] [2026-02-21T22:49:14.941Z] <<< [apiv2][body] GET https://firebase.googleapis.com/v1beta1/projects/budgeter-a43a1 {"projectId":"budgeter-a43a1","projectNumber":"74453970610","displayName":"budgeter","name":"projects/budgeter-a43a1","resources":{"hostingSite":"budgeter-a43a1"},"state":"ACTIVE","etag":"1_88fb6f72-a788-47fb-8712-d345bc0bbfc4"}
[info] 
[info] === Deploying to 'budgeter-a43a1'...
[info] 
[info] i  deploying firestore, hosting 
[info] i  firestore: reading indexes from firestore.indexes.json... 
[info] i  cloud.firestore: checking firestore.rules for compilation errors... 
[debug] [2026-02-21T22:49:14.947Z] Checked if tokens are valid: true, expires at: 1771715183411
[debug] [2026-02-21T22:49:14.947Z] Checked if tokens are valid: true, expires at: 1771715183411
[debug] [2026-02-21T22:49:14.948Z] >>> [apiv2][query] POST https://firebaserules.googleapis.com/v1/projects/budgeter-a43a1:test [none]
[debug] [2026-02-21T22:49:14.948Z] >>> [apiv2][body] POST https://firebaserules.googleapis.com/v1/projects/budgeter-a43a1:test [omitted]
[debug] [2026-02-21T22:49:16.375Z] <<< [apiv2][status] POST https://firebaserules.googleapis.com/v1/projects/budgeter-a43a1:test 200
[debug] [2026-02-21T22:49:16.375Z] <<< [apiv2][body] POST https://firebaserules.googleapis.com/v1/projects/budgeter-a43a1:test {}
[info] ✔  cloud.firestore: rules file firestore.rules compiled successfully 
[debug] [2026-02-21T22:49:16.379Z] Checked if tokens are valid: true, expires at: 1771715183411
[debug] [2026-02-21T22:49:16.379Z] Checked if tokens are valid: true, expires at: 1771715183411
[debug] [2026-02-21T22:49:16.379Z] >>> [apiv2][query] POST https://firebasehosting.googleapis.com/v1beta1/projects/-/sites/budgeter-a43a1/versions [none]
[debug] [2026-02-21T22:49:16.379Z] >>> [apiv2][body] POST https://firebasehosting.googleapis.com/v1beta1/projects/-/sites/budgeter-a43a1/versions {"status":"CREATED","labels":{"deployment-tool":"cli-firebase"}}
[debug] [2026-02-21T22:49:19.513Z] <<< [apiv2][status] POST https://firebasehosting.googleapis.com/v1beta1/projects/-/sites/budgeter-a43a1/versions 200
[debug] [2026-02-21T22:49:19.513Z] <<< [apiv2][body] POST https://firebasehosting.googleapis.com/v1beta1/projects/-/sites/budgeter-a43a1/versions {"name":"projects/74453970610/sites/budgeter-a43a1/versions/973e9926e1b58ba8","status":"CREATED","config":{},"labels":{"deployment-tool":"cli-firebase"}}
[debug] [2026-02-21T22:49:19.514Z] Checked if tokens are valid: true, expires at: 1771715183411
[debug] [2026-02-21T22:49:19.514Z] Checked if tokens are valid: true, expires at: 1771715183411
[debug] [2026-02-21T22:49:19.514Z] >>> [apiv2][query] GET https://firestore.googleapis.com/v1/projects/budgeter-a43a1/databases/(default) [none]
